---
source: src/rules/remove_comments.rs
expression: rule

---
"remove_comments"
