---
source: src/rules/group_local.rs
expression: rule

---
"group_local_assignment"
