---
source: src/rules/compute_expression.rs
expression: rule

---
"compute_expression"
