---
source: src/rules/convert_index_to_field.rs
expression: rule

---
"convert_index_to_field"
