---
source: src/rules/unused_while.rs
expression: rule

---
"remove_unused_while"
