---
source: src/rules/remove_spaces.rs
expression: rule

---
"remove_spaces"
