---
source: tests/cli.rs
expression: content
---
print('\193')
