---
source: tests/cli.rs
expression: content
snapshot_kind: text
---
print('\x1f8')
