---
source: tests/cli.rs
expression: content
---
print'\0318'
