---
source: tests/cli.rs
expression: content
---
return true
