---
source: tests/cli.rs
expression: content
---
return 2
