---
source: src/generator/mod.rs
expression: generator.into_string()

---
local function foo(bar) end
