---
source: src/generator/mod.rs
expression: generator.into_string()

---
while false do end
