---
source: src/generator/mod.rs
expression: generator.into_string()

---
if false then
elseif nil then
elseif false then
end
