---
source: src/generator/mod.rs
assertion_line: 690
expression: generator.into_string()

---
return (true)
