---
source: src/generator/mod.rs
expression: generator.into_string()

---
not(false or true)
