---
source: src/generator/mod.rs
expression: generator.into_string()

---
function(a,b)end
