---
source: src/generator/mod.rs
expression: generator.into_string()

---
return true, nil
