---
source: src/generator/mod.rs
expression: generator.into_string()

---
foo, var = nil, false
