---
source: src/generator/mod.rs
expression: generator.into_string()

---
do
    do end
end
