---
source: src/generator/mod.rs
expression: generator.into_string()

---
for var in true do end
