---
source: src/generator/mod.rs
expression: generator.into_string()

---
0.5
