---
source: src/generator/mod.rs
expression: generator.into_string()

---
5E-3
