---
source: src/generator/mod.rs
expression: generator.into_string()

---
1.2345E-50
