---
source: src/generator/mod.rs
expression: generator.into_string()

---
var += 1
