---
source: src/generator/mod.rs
expression: generator.into_string()

---
if false then
else
end
